--- 第1次运行 ---
[reits 10/87] 已获取 10
[reits 20/87] 已获取 20
[reits 30/87] 已获取 30
[reits 40/87] 已获取 40
[reits 50/87] 已获取 50
[reits 60/87] 已获取 60
[reits 70/87] 已获取 70
[reits 80/87] 已获取 80
[reits 87/87] 已获取 87
[overseas] PLD.N ok
[overseas] O.N ok
[overseas] AMT.N ok
[overseas] EQIX.O ok
[overseas] AVB.N ok
[overseas] WELL.N ok
[overseas] SPG.N ok
[overseas] 0823.HK ok
[corr] 基准 10 个
[reval] 重估暂停 (1/4)
[events] 近120日 200 条，回测 6 类
[done] 87/87 只，截至 2026-07-29，data.js 1.3MB
--- 第2次运行 ---
[reits 10/87] 已获取 10
[reits 20/87] 已获取 20
[reits 30/87] 已获取 30
[reits 40/87] 已获取 40
[reits 50/87] 已获取 50
[reits 60/87] 已获取 60
[reits 70/87] 已获取 70
[reits 80/87] 已获取 80
[reits 87/87] 已获取 87
[overseas] PLD.N ok
[overseas] O.N ok
[overseas] AMT.N ok
[overseas] EQIX.O ok
[overseas] AVB.N ok
[overseas] WELL.N ok
[overseas] SPG.N ok
[overseas] 0823.HK ok
[corr] 基准 10 个
[reval] 重估暂停 (1/4)
[events] 近120日 200 条，回测 6 类
[done] 87/87 只，截至 2026-07-29，data.js 1.3MB
